Loaded 27 symbols: ['AAPL', 'ADA-USD', 'AMD', 'AMZN', 'AVAX-USD', 'BTC-USD', 'CRM', 'DIS', 'DOGE-USD', 'ETH-USD', 'GOOGL', 'HD', 'JNJ', 'JPM', 'META', 'MSFT', 'NFLX', 'NVDA', 'QQQ', 'SOL-USD', 'SPY', 'TSLA', 'UNH', 'V', 'WMT', 'XOM', 'XRP-USD']


=== FINAL: full 27-symbol basket, best exit configs ===
label                               n    avg_R   win%     PF   t_stat
SL=12x TP=BB(3.0std)             3821    0.082  75.5%   1.34     7.11
SL=10x TP=BB(3.0std)             4110    0.080  71.0%   1.28     6.34
SL=20x TP=RSI>=80                1593    0.125  63.4%   1.42     5.68
SL=12x TP=RSI>=80                1912    0.162  52.8%   1.36     5.64
SL=15x TP=RSI>=85                 927    0.423  44.7%   1.75     3.71

=== Per-symbol breakdown: SL=12x TP=BB(3.0std) ===
  AAPL       n= 165 avg_R=  0.171 win%= 80.6 PF= 1.94 t=  3.28 return= +32.01%
  ADA-USD    n=   6 avg_R=  0.067 win%= 83.3 PF= 1.39 t=  0.30 return=  +0.40%
  AMD        n=  67 avg_R= -0.009 win%= 70.1 PF= 0.96 t= -0.10 return=  -0.81%
  AMZN       n= 131 avg_R=  0.107 win%= 72.5 PF= 1.39 t=  1.46 return= +14.45%
  AVAX-USD   n= 111 avg_R=  0.008 win%= 73.9 PF= 1.02 t=  0.13 return=  +0.67%
  BTC-USD    n= 210 avg_R=  0.010 win%= 76.2 PF= 1.04 t=  0.24 return=  +1.73%
  CRM        n= 158 avg_R=  0.141 win%= 75.9 PF= 1.57 t=  2.39 return= +24.38%
  DIS        n= 141 avg_R=  0.018 win%= 75.9 PF= 1.06 t=  0.33 return=  +2.60%
  DOGE-USD   n= 282 avg_R=  0.118 win%= 77.0 PF= 1.45 t=  2.54 return= +38.12%
  ETH-USD    n= 165 avg_R=  0.004 win%= 73.3 PF= 1.01 t=  0.08 return=  +0.35%
  GOOGL      n=  75 avg_R=  0.157 win%= 78.7 PF= 1.78 t=  1.91 return= +12.29%
  HD         n= 170 avg_R=  0.006 win%= 71.8 PF= 1.02 t=  0.13 return=  +0.72%
  JNJ        n= 228 avg_R=  0.069 win%= 74.6 PF= 1.28 t=  1.52 return= +16.43%
  JPM        n= 181 avg_R=  0.112 win%= 76.2 PF= 1.54 t=  2.34 return= +22.10%
  META       n=  72 avg_R=  0.034 win%= 72.2 PF= 1.11 t=  0.39 return=  +2.25%
  MSFT       n= 147 avg_R=  0.095 win%= 76.2 PF= 1.39 t=  1.69 return= +14.62%
  NFLX       n= 166 avg_R=  0.077 win%= 77.7 PF= 1.34 t=  1.44 return= +13.14%
  NVDA       n=  92 avg_R=  0.053 win%= 67.4 PF= 1.15 t=  0.63 return=  +4.70%
  QQQ        n= 113 avg_R=  0.243 win%= 70.8 PF= 1.84 t=  2.45 return= +30.75%
  SOL-USD    n= 102 avg_R=  0.013 win%= 75.5 PF= 1.05 t=  0.21 return=  +1.11%
  SPY        n= 134 avg_R=  0.070 win%= 68.7 PF= 1.19 t=  0.93 return=  +9.25%
  TSLA       n= 119 avg_R=  0.002 win%= 71.4 PF= 1.00 t=  0.02 return=  -0.16%
  UNH        n= 130 avg_R=  0.090 win%= 76.9 PF= 1.37 t=  1.47 return= +11.73%
  V          n= 174 avg_R=  0.156 win%= 81.6 PF= 1.81 t=  3.36 return= +30.79%
  WMT        n= 226 avg_R=  0.137 win%= 82.7 PF= 1.79 t=  3.33 return= +35.81%
  XOM        n= 165 avg_R=  0.097 win%= 76.4 PF= 1.41 t=  1.75 return= +16.90%
  XRP-USD    n=  91 avg_R=  0.027 win%= 71.4 PF= 1.09 t=  0.38 return=  +2.30%
