Loaded 10 cached symbols: ['AAPL', 'BTC-USD', 'DOGE-USD', 'ETH-USD', 'JPM', 'MSFT', 'NVDA', 'QQQ', 'SPY', 'XOM']

=== Phase 1: fixed TP x SL (stdev multiples) ===
label                               n    avg_R   win%     PF   t_stat
SL=4.0x TP=6.0x                  2400    0.008  41.5%   1.02     0.34
SL=2.0x TP=6.0x                  3113   -0.002  26.0%   1.00    -0.08
SL=1.5x TP=6.0x                  3396   -0.005  20.6%   1.00    -0.19
SL=4.0x TP=5.0x                  2598   -0.005  45.5%   1.00    -0.22
SL=2.5x TP=6.0x                  2904   -0.007  30.2%   0.99    -0.26
SL=3.0x TP=6.0x                  2703   -0.010  34.1%   0.99    -0.39
SL=4.0x TP=4.0x                  2789   -0.017  50.6%   0.97    -0.90
SL=4.0x TP=3.0x                  3084   -0.014  57.8%   0.97    -0.95
SL=2.0x TP=5.0x                  3270   -0.023  28.8%   0.96    -0.99
SL=3.0x TP=4.0x                  3057   -0.020  43.4%   0.96    -1.02
SL=3.0x TP=5.0x                  2870   -0.023  37.8%   0.96    -1.04
SL=2.5x TP=5.0x                  3068   -0.025  33.5%   0.96    -1.10
SL=1.5x TP=5.0x                  3551   -0.027  23.1%   0.95    -1.18
SL=2.5x TP=4.0x                  3243   -0.025  38.7%   0.96    -1.25
SL=3.0x TP=3.0x                  3323   -0.020  50.6%   0.96    -1.27

--> best SL from phase 1: 4.0x (used as the fixed SL for phases 2-3)

=== Phase 2: TP at MA touch (EMA / rolling VWAP) ===
label                               n    avg_R   win%     PF   t_stat
TP=EMA200 SL=4.0x                2392    0.063  45.4%   1.11     2.05
TP=VWAP200 SL=4.0x               2339    0.028  43.5%   1.04     0.97
TP=VWAP150 SL=4.0x               2482    0.018  46.7%   1.03     0.68
TP=EMA150 SL=4.0x                2539    0.016  47.3%   1.03     0.61
TP=EMA100 SL=4.0x                2734    0.009  52.1%   1.02     0.43
TP=VWAP100 SL=4.0x               2712   -0.003  51.3%   1.00    -0.12
TP=VWAP50 SL=4.0x                3079   -0.025  57.9%   0.94    -1.54
TP=EMA50 SL=4.0x                 3071   -0.036  57.4%   0.92    -2.18

=== Phase 3: TP at RSI / Stochastic / BB / KC levels ===
label                               n    avg_R   win%     PF   t_stat
TP=RSI>=80 SL=4.0x               1480    0.233  26.4%   1.31     3.55
TP=BB(3.0std) SL=4.0x            2487    0.091  46.2%   1.16     3.10
TP=RSI>=75 SL=4.0x               2042    0.086  34.9%   1.13     2.34
TP=BB(2.5std) SL=4.0x            2914    0.044  55.3%   1.10     2.25
TP=KC(2.5x) SL=4.0x              2686    0.033  49.7%   1.07     1.48
TP=RSI>=70 SL=4.0x               2501    0.017  42.9%   1.03     0.66
TP=KC(2.0x) SL=4.0x              2993    0.006  56.1%   1.01     0.36
TP=Stoch>=90 SL=4.0x             2644    0.006  47.0%   1.01     0.22
TP=BB(2.0std) SL=4.0x            3219    0.003  62.0%   1.01     0.18
TP=KC(1.5x) SL=4.0x              3251   -0.002  62.5%   0.99    -0.13
TP=RSI>=65 SL=4.0x               2895   -0.017  48.3%   0.96    -0.88
TP=BB(1.5std) SL=4.0x            3446   -0.013  65.9%   0.95    -1.05
TP=Stoch>=85 SL=4.0x             2959   -0.027  50.1%   0.94    -1.49
TP=KC(1.0x) SL=4.0x              3478   -0.024  65.5%   0.92    -2.04
TP=RSI>=60 SL=4.0x               3242   -0.031  51.6%   0.92    -2.08
TP=Stoch>=80 SL=4.0x             3176   -0.038  51.0%   0.90    -2.38
TP=Stoch>=75 SL=4.0x             3322   -0.041  51.9%   0.88    -2.86
TP=Stoch>=70 SL=4.0x             3439   -0.039  52.1%   0.88    -2.93

=== OVERALL (all phases combined) ===
label                               n    avg_R   win%     PF   t_stat
TP=RSI>=80 SL=4.0x               1480    0.233  26.4%   1.31     3.55
TP=BB(3.0std) SL=4.0x            2487    0.091  46.2%   1.16     3.10
TP=RSI>=75 SL=4.0x               2042    0.086  34.9%   1.13     2.34
TP=BB(2.5std) SL=4.0x            2914    0.044  55.3%   1.10     2.25
TP=EMA200 SL=4.0x                2392    0.063  45.4%   1.11     2.05
TP=KC(2.5x) SL=4.0x              2686    0.033  49.7%   1.07     1.48
TP=VWAP200 SL=4.0x               2339    0.028  43.5%   1.04     0.97
TP=VWAP150 SL=4.0x               2482    0.018  46.7%   1.03     0.68
TP=RSI>=70 SL=4.0x               2501    0.017  42.9%   1.03     0.66
TP=EMA150 SL=4.0x                2539    0.016  47.3%   1.03     0.61
TP=EMA100 SL=4.0x                2734    0.009  52.1%   1.02     0.43
TP=KC(2.0x) SL=4.0x              2993    0.006  56.1%   1.01     0.36
SL=4.0x TP=6.0x                  2400    0.008  41.5%   1.02     0.34
TP=Stoch>=90 SL=4.0x             2644    0.006  47.0%   1.01     0.22
TP=BB(2.0std) SL=4.0x            3219    0.003  62.0%   1.01     0.18
