  SPY: prepped 41840 bars in 14.2s -> .cache_dual_entries_1h\SPY.parquet
  QQQ: prepped 41631 bars in 12.7s -> .cache_dual_entries_1h\QQQ.parquet
  AAPL: prepped 41557 bars in 11.0s -> .cache_dual_entries_1h\AAPL.parquet
  MSFT: prepped 40385 bars in 15.1s -> .cache_dual_entries_1h\MSFT.parquet
  NVDA: prepped 40333 bars in 15.1s -> .cache_dual_entries_1h\NVDA.parquet
  JPM: prepped 36360 bars in 13.7s -> .cache_dual_entries_1h\JPM.parquet
  XOM: prepped 37605 bars in 13.4s -> .cache_dual_entries_1h\XOM.parquet
  BTC-USD: prepped 48893 bars in 10.5s -> .cache_dual_entries_1h\BTC-USD.parquet
  ETH-USD: prepped 48891 bars in 10.5s -> .cache_dual_entries_1h\ETH-USD.parquet
  DOGE-USD: prepped 48883 bars in 12.7s -> .cache_dual_entries_1h\DOGE-USD.parquet
  SPY: prepped 11422 bars in 4.6s -> .cache_dual_entries_4h\SPY.parquet
  QQQ: prepped 11394 bars in 61.3s -> .cache_dual_entries_4h\QQQ.parquet
  AAPL: prepped 11392 bars in 51.9s -> .cache_dual_entries_4h\AAPL.parquet
  MSFT: prepped 11307 bars in 45.0s -> .cache_dual_entries_4h\MSFT.parquet
  NVDA: prepped 11261 bars in 51.0s -> .cache_dual_entries_4h\NVDA.parquet
  JPM: prepped 10862 bars in 38.2s -> .cache_dual_entries_4h\JPM.parquet
  XOM: prepped 10959 bars in 36.7s -> .cache_dual_entries_4h\XOM.parquet
  BTC-USD: prepped 12227 bars in 2.3s -> .cache_dual_entries_4h\BTC-USD.parquet
  ETH-USD: prepped 12227 bars in 61.8s -> .cache_dual_entries_4h\ETH-USD.parquet
  DOGE-USD: prepped 12227 bars in 70.1s -> .cache_dual_entries_4h\DOGE-USD.parquet
  SPY: prepped 2659 bars in 0.3s -> .cache_dual_entries_daily\SPY.parquet
  QQQ: prepped 2659 bars in 0.4s -> .cache_dual_entries_daily\QQQ.parquet
  AAPL: prepped 2659 bars in 0.3s -> .cache_dual_entries_daily\AAPL.parquet
  MSFT: prepped 2659 bars in 0.3s -> .cache_dual_entries_daily\MSFT.parquet
  NVDA: prepped 2659 bars in 0.3s -> .cache_dual_entries_daily\NVDA.parquet
  JPM: prepped 2659 bars in 0.3s -> .cache_dual_entries_daily\JPM.parquet
  XOM: prepped 2659 bars in 0.3s -> .cache_dual_entries_daily\XOM.parquet
  BTC-USD: prepped 2039 bars in 0.1s -> .cache_dual_entries_daily\BTC-USD.parquet
  ETH-USD: prepped 2039 bars in 0.1s -> .cache_dual_entries_daily\ETH-USD.parquet
  DOGE-USD: prepped 2039 bars in 0.1s -> .cache_dual_entries_daily\DOGE-USD.parquet
