Fetching raw data for all 40 symbols (cached across all variants)...

======================================================================
IN-SAMPLE SWEEP (US_SYMBOLS, 20 symbols) -- picking a winner
======================================================================
variant              n     win%    avg R  t-stat         PnL
------------------------------------------------------------
baseline           463    38.7%   -0.081   -2.09   -4,627.75
sma_50               3    66.7%   +0.029   +0.17      +10.81
sma_100              8    37.5%   +0.059   +0.14     +102.69
sma_150             37    54.1%   +0.129   +0.89     +485.28
sma_200             60    51.7%   +0.151   +1.23     +845.63
ema_50               0     0.0%   +0.000   +0.00       +0.00
ema_100              6    33.3%   -0.023   -0.04       +5.08
ema_150             20    60.0%   +0.221   +1.04     +566.32
ema_200             49    51.0%   +0.141   +1.00     +727.02
vwap_50              3    66.7%   +0.029   +0.17      +10.81
vwap_100             7    28.6%   +0.167   +0.35     +224.87
vwap_150            44    52.3%   +0.070   +0.50     +290.18
vwap_200            61    50.8%   +0.149   +1.20     +890.91

Ranked by in-sample t-stat (highest first):
  sma_200: t=+1.23, avg_R=+0.151, n=60
  vwap_200: t=+1.20, avg_R=+0.149, n=61
  ema_150: t=+1.04, avg_R=+0.221, n=20
  ema_200: t=+1.00, avg_R=+0.141, n=49
  sma_150: t=+0.89, avg_R=+0.129, n=37

======================================================================
OUT-OF-SAMPLE CONFIRMATION (OOS_US_SYMBOLS, 20 fresh symbols)
======================================================================
variant              n     win%    avg R  t-stat         PnL
------------------------------------------------------------
baseline           557    35.4%   -0.101   -2.86   -4,674.52
sma_200             60    36.7%   +0.018   +0.14      +15.10
vwap_200            62    38.7%   +0.079   +0.62     +459.84

======================================================================
VERDICT
======================================================================

sma_200: in-sample t=+1.23 (avg_R=+0.151, n=60) -> out-of-sample t=+0.14 (avg_R=+0.018, n=60)
  DOES NOT hold up out of sample -- likely overfit to the 20 in-sample symbols.

vwap_200: in-sample t=+1.20 (avg_R=+0.149, n=61) -> out-of-sample t=+0.62 (avg_R=+0.079, n=62)
  HOLDS UP out of sample -- plausible real effect, not just in-sample noise.
